sys_process_getpid:
0x1000500

sys_process_getppid:
0x1000300

sys_process_get_ppu_guid:
0x1000300

sys_process_get_number_of_object:
02> 0 1 0 0 0 0 0 0 0 0 0 0 0 0 0 0 0 0
03> 0 1 1 0 0 0 0 0 0 0 0 0 0 0 0 0 0 0
04> 0 0 0 1 0 0 0 0 0 0 0 0 0 0 0 0 0 0
07> 0 0 0 0 0 0 1 0 0 0 0 0 0 0 0 0 0 0
08> 0 0 0 0 0 0 0 1 0 0 0 0 0 0 0 0 0 0
13> 0 0 0 0 0 0 0 0 0 0 0 0 1 0 0 0 0 0
14> 0 0 0 0 0 0 0 0 0 0 0 0 1 1 0 0 0 0
15> 0 0 0 0 0 0 0 0 0 0 0 0 1 0 1 0 0 0
16> 0 0 0 0 0 0 0 0 0 0 0 0 2 0 0 1 0 0
17> 0 0 0 0 0 0 0 0 0 0 0 0 1 0 0 1 1 0
18> 0 0 0 0 0 0 0 0 0 0 0 0 0 0 0 1 0 1

sys_process_get_sdk_version:
0xffffffff

sys_process_get_paramsfo:
01 00 00 00 00 00 00 00 00 00 00 00 00 00 00 00 00 00 00 00 00 00 00 04 00 00 00 00 00 00 00 01 00 00 00 00 00 00 00 00 00 00 00 00 00 00 00 00 00 00 00 00 00 00 00 00 00 00 00 00 00 00 00 00 

sys_process_is_stack: (void* p = malloc(64))
(&p) -> True
(p)  -> False

